// Jest Snapshot v1, https://goo.gl/fbAQLP

exports[`Article hightlight should render article hightlight 1`] = `
<div
  className="article-highlight row"
>
  <div />
  <img
    alt="flybus-img"
    src="a320-thumb.jpg"
    style={
      Object {
        "height": "100%",
        "objectFit": "cover",
        "objectPosition": "center",
        "width": "100%",
      }
    }
  />
  <div
    className="article-highlight__content"
  >
    <h3
      className="lg-title"
    >
      Test Title
    </h3>
    <ButtonTransparent
      className="btn"
      label="Learn More"
      url="http://test.com"
    />
  </div>
</div>
`;
